# Set up
createUser user1

# Test that we can create a new table
createSynchronizedTable user1 people

# Test that we can't create a table that already exists
createSynchronizedTable user1 people
Exception: org.opendatakit.aggregate.odktables.client.exception.TableAlreadyExistsException: Table with tableID 'people' already exists!
    
# Clean up
deleteSynchronizedTable user1 people
deleteUser user1